[debug] [2025-06-30T09:13:32.400Z] ----------------------------------------------------------------------
[debug] [2025-06-30T09:13:32.403Z] Command:       C:\Program Files\nodejs\node.exe C:\Users\Muhd Adam Aqil\AppData\Roaming\npm\node_modules\firebase-tools\lib\bin\firebase.js init
[debug] [2025-06-30T09:13:32.403Z] CLI Version:   14.6.0
[debug] [2025-06-30T09:13:32.404Z] Platform:      win32
[debug] [2025-06-30T09:13:32.404Z] Node Version:  v22.16.0
[debug] [2025-06-30T09:13:32.405Z] Time:          Mon Jun 30 2025 17:13:32 GMT+0800 (Malaysia Time)
[debug] [2025-06-30T09:13:32.405Z] ----------------------------------------------------------------------
[debug] 
[debug] [2025-06-30T09:13:32.409Z] >>> [apiv2][query] GET https://firebase-public.firebaseio.com/cli.json [none]
[debug] [2025-06-30T09:13:32.468Z] > command requires scopes: ["email","openid","https://www.googleapis.com/auth/cloudplatformprojects.readonly","https://www.googleapis.com/auth/firebase","https://www.googleapis.com/auth/cloud-platform"]
[debug] [2025-06-30T09:13:32.468Z] > authorizing via signed-in user (yuiopqwerty555@gmail.com)
[info] 
     ######## #### ########  ######## ########     ###     ######  ########
     ##        ##  ##     ## ##       ##     ##  ##   ##  ##       ##
     ######    ##  ########  ######   ########  #########  ######  ######
     ##        ##  ##    ##  ##       ##     ## ##     ##       ## ##
     ##       #### ##     ## ######## ########  ##     ##  ######  ########

You're about to initialize a Firebase project in this directory:

  C:\Users\Muhd Adam Aqil\Desktop\MMUCAS Resource\finalF

[debug] [2025-06-30T09:13:32.955Z] <<< [apiv2][status] GET https://firebase-public.firebaseio.com/cli.json 200
[debug] [2025-06-30T09:13:32.955Z] <<< [apiv2][body] GET https://firebase-public.firebaseio.com/cli.json {"cloudBuildErrorAfter":1594252800000,"cloudBuildWarnAfter":1590019200000,"defaultNode10After":1594252800000,"minVersion":"3.0.5","node8DeploysDisabledAfter":1613390400000,"node8RuntimeDisabledAfter":1615809600000,"node8WarnAfter":1600128000000}
